$ javac -version
javac 11.0.7
$ java -version
openjdk version "11.0.7" 2020-04-14
OpenJDK Runtime Environment AdoptOpenJDK (build 11.0.7+10)
OpenJDK 64-Bit Server VM AdoptOpenJDK (build 11.0.7+10, mixed mode)

$ java-introcs Generator 1 10000 abcd 121 | java-introcs CosmicRays .1 > strings
$ java-introcs Join < strings > join
$ cat strings join | java-introcs CheckJoin
Proposed join has 9867 chars
Length should be 9867
Passes length test?  Yes
Subsequence (1st string)?  Yes
Subsequence (2nd string)?  Yes
$ java-introcs Generator 1 20000 abcd 121 | java-introcs CosmicRays .1 > strings
$ time java-introcs Join < strings > join

real	0m2.092s
user	0m1.884s
sys	0m1.494s
$ cat strings join | java-introcs CheckJoin
Proposed join has 19648 chars
Length should be 19648
Passes length test?  Yes
Subsequence (1st string)?  Yes
Subsequence (2nd string)?  Yes
$ java-introcs Generator 1 40000 abcd 121 | java-introcs CosmicRays .1 > strings
$ time java-introcs Join < strings > join
Exception in thread "main" java.lang.OutOfMemoryError: Java heap space
	at Join.main(Join.java:16)

real	0m1.870s
user	0m2.291s
sys	0m4.114s
$ time java-introcs -Xmx6g Join < strings > join

real	0m9.354s
user	0m7.419s
sys	0m5.964s
$ cat strings join | java-introcs CheckJoin
Proposed join has 39363 chars
Exception in thread "main" java.lang.OutOfMemoryError: Java heap space
	at LongestCommonSubsequence.lcs(LongestCommonSubsequence.java:12)
	at CheckJoin.main(CheckJoin.java:29)
$ cat strings join | java-introcs -Xmx6g CheckJoin
Proposed join has 39363 chars
Length should be 39363
Passes length test?  Yes
Subsequence (1st string)?  Yes
Subsequence (2nd string)?  Yes
$ java-introcs Generator 1 60000 abcd 121 | java-introcs CosmicRays .1 > strings
$ time java-introcs -Xmx12g Join > /dev/null < strings > join

real	0m22.327s
user	0m16.007s
sys	0m12.556s
$ cat strings join | java-introcs -Xmx12g CheckJoin
Proposed join has 59042 chars
Length should be 59042
Passes length test?  Yes
Subsequence (1st string)?  Yes
Subsequence (2nd string)?  Yes
